[smoke] /data/YOLO-Master/YOLO-Master-EsMoE-N.pt torch 2.4.1+cu124 YOLO-Master acce839c7e89
[ref] ultralytics/utils/export/engine.py:79 (1 hits) exporter forces the legacy tracer (dynamo=False); dynamo ignores the MoE guards
[ref] ultralytics/nn/modules/moe/modules.py:562 (1 hits) ES_MOE: dense path under export
[ref] ultralytics/nn/modules/moe/modules.py:650 (1 hits) ES_MOE: dense forward = weighted sum over ALL experts
[ref] ultralytics/nn/modules/moe/modules.py:659 (1 hits) ES_MOE: sparse path top-k + dynamic_threshold (what dense drops)
[ref] ultralytics/nn/modules/moe/modules.py:867 (2 hits) OptimizedMOEImproved: exact top-k export via stack + gather
[ref] ultralytics/nn/modules/moe/modules.py:866 (2 hits) OptimizedMOEImproved: export branch bakes B/H/W as Python ints (dynamic axes unsafe)
[ref] ultralytics/nn/modules/moe/modules.py:- (0 hits) OptimizedMOEImproved: compat shim defaults a MISSING add_residual to True (the trap)
[ref] ultralytics/engine/exporter.py:934 (7 hits) exporter: no MoE awareness (grep count of 'moe' in exporter.py)
[repair] legacy attrs filled: {'progressive_sparsity': 4, '_training_step': 4, 'warmup_steps': 4, 'expert_dropout_rate': 4, 'dropout_interval': 4, 'detach_routing': 4, 'last_routing_snapshot': 4, '_moe_nonfinite_events': 4, '_current_top_k': 4, 'routing.capacity_factor': 4, 'routing.noise_std': 4}
[repair] {'add_residual_forced_false': 0, 'property_shadows_stripped': 5, 'esmoe_dense_forced': True}
[moe] model.3    ES_MOE                   E=3 k=3 use_top_k=False thr=None add_residual=None router=DynamicRoutingLayer
[moe] model.6    ES_MOE                   E=3 k=3 use_top_k=False thr=None add_residual=None router=DynamicRoutingLayer
[moe] model.9    ES_MOE                   E=3 k=3 use_top_k=False thr=None add_residual=None router=DynamicRoutingLayer
[moe] model.12   ES_MOE                   E=3 k=3 use_top_k=False thr=None add_residual=None router=DynamicRoutingLayer
[policy] model.3    -> dense    semantic_change=False  k==E==3, no top-k, no dynamic_threshold: dense == sparse
[policy] model.6    -> dense    semantic_change=False  k==E==3, no top-k, no dynamic_threshold: dense == sparse
[policy] model.9    -> dense    semantic_change=False  k==E==3, no top-k, no dynamic_threshold: dense == sparse
[policy] model.12   -> dense    semantic_change=False  k==E==3, no top-k, no dynamic_threshold: dense == sparse
Export preflight: format=onnx, routed_modules=4, strategies=['dense_fallback']
Ultralytics 8.4.101 🚀 Python-3.11.10 torch-2.4.1+cu124 CUDA:0 (NVIDIA L4, 22563MiB)
YOLO-master-n summary: 231 layers, 2,683,380 parameters, 0 gradients, 8.7 GFLOPs

[34m[1mPyTorch:[0m starting from '/data/YOLO-Master/YOLO-Master-EsMoE-N.pt' with input shape (1, 3, 640, 640) BCHW and output shape(s) (1, 84, 8400) (5.7 MB)

[34m[1mONNX:[0m starting export with onnx 1.17.0 opset 17...
[34m[1mONNX:[0m slimming with onnxslim 0.1.96...
[34m[1mONNX:[0m export success ✅ 2.9s, saved as '/data/YOLO-Master/YOLO-Master-EsMoE-N.onnx' (10.6 MB)

Export complete (5.2s)
Results saved to [1m/data/YOLO-Master/YOLO-Master-EsMoE-N.onnx[0m
Predict:         yolo predict task=detect model=/data/YOLO-Master/YOLO-Master-EsMoE-N.onnx imgsz=640 
Validate:        yolo val task=detect model=/data/YOLO-Master/YOLO-Master-EsMoE-N.onnx imgsz=640 data=/home/tione/notebook/YOLO-Master-v260109/ultralytics/cfg/datasets/coco.yaml  
Visualize:       https://netron.app
[export] runs/a3/esmoen/YOLO-Master-EsMoE-N.onnx 11.12 MB in 5.2s
[onnx] ops=623 routing-relevant={'TopK': 0, 'Gather': 0, 'GatherElements': 0, 'Softmax': 13, 'ScatterND': 0, 'NonZero': 0, 'If': 0, 'Loop': 0, 'Conv': 152}
[onnx] expert Conv: module=24 graph=24
YOLO-master-n summary: 231 layers, 2,683,380 parameters, 0 gradients
[parity] {'providers': 'CUDAExecutionProvider', 'tf32': False, 'n_images': 8, 'max_abs': 0.0037841796875, 'mean_abs': 2.2200255784809997e-06, 'max_rel_elementwise': 0.004359384998679161, 'max_norm_rel': 5.890686679776991e-06, 'top100_anchor_agreement': 1.0}
YOLO-master-n summary: 231 layers, 2,683,380 parameters, 0 gradients
[parity tf32 default] {'providers': 'CUDAExecutionProvider', 'tf32': True, 'n_images': 8, 'max_abs': 3.34796142578125, 'mean_abs': 0.0009109851962421089, 'max_rel_elementwise': 2.7782695293426514, 'max_norm_rel': 0.005155489780008793, 'top100_anchor_agreement': 0.99875}
[smoke] PASS in 18.0s -> a3/results/smoke_esmoen.json
