[smoke] /data/YOLO-Master/YOLO-Master-v0.1-N.pt torch 2.4.1+cu124 YOLO-Master 3ea98305a844
[ref] ultralytics/utils/export/engine.py:37 (1 hits) exporter forces the legacy tracer (dynamo=False); dynamo ignores the MoE guards
[ref] ultralytics/nn/modules/moe/modules.py:470 (1 hits) ES_MOE: dense path under export
[ref] ultralytics/nn/modules/moe/modules.py:529 (1 hits) ES_MOE: dense forward = weighted sum over ALL experts
[ref] ultralytics/nn/modules/moe/modules.py:538 (1 hits) ES_MOE: sparse path top-k + dynamic_threshold (what dense drops)
[ref] ultralytics/nn/modules/moe/modules.py:739 (2 hits) OptimizedMOEImproved: exact top-k export via stack + gather
[ref] ultralytics/nn/modules/moe/modules.py:738 (2 hits) OptimizedMOEImproved: export branch bakes B/H/W as Python ints (dynamic axes unsafe)
[ref] ultralytics/nn/modules/moe/modules.py:967 (1 hits) OptimizedMOEImproved: compat shim defaults a MISSING add_residual to True (the trap)
[ref] ultralytics/engine/exporter.py:- (0 hits) exporter: no MoE awareness (grep count of 'moe' in exporter.py)
[repair] {'add_residual_forced_false': 3, 'property_shadows_stripped': 0, 'esmoe_dense_forced': False}
[moe] model.6    OptimizedMOEImproved     E=4 k=2 use_top_k=False thr=None add_residual=False router=EfficientSpatialRouter
[moe] model.9    OptimizedMOEImproved     E=8 k=2 use_top_k=False thr=None add_residual=False router=EfficientSpatialRouter
[moe] model.12   OptimizedMOEImproved     E=16 k=2 use_top_k=False thr=None add_residual=False router=EfficientSpatialRouter
[policy] model.6    -> preserve semantic_change=False  export branch computes all experts and gathers the top-k: exact
[policy] model.9    -> preserve semantic_change=False  export branch computes all experts and gathers the top-k: exact
[policy] model.12   -> preserve semantic_change=False  export branch computes all experts and gathers the top-k: exact
Ultralytics 8.3.240 🚀 Python-3.11.10 torch-2.4.1+cu124 CUDA:0 (NVIDIA L4, 22563MiB)
YOLO-master-n-v2 summary: 330 layers, 7,543,544 parameters, 0 gradients, 10.1 GFLOPs

[34m[1mPyTorch:[0m starting from '/data/YOLO-Master/YOLO-Master-v0.1-N.pt' with input shape (1, 3, 640, 640) BCHW and output shape(s) (1, 84, 8400) (15.1 MB)

[34m[1mONNX:[0m starting export with onnx 1.17.0 opset 17...
[34m[1mONNX:[0m slimming with onnxslim 0.1.96...
[34m[1mONNX:[0m export success ✅ 4.3s, saved as '/data/YOLO-Master/YOLO-Master-v0.1-N.onnx' (29.1 MB)

Export complete (5.8s)
Results saved to [1m/data/YOLO-Master[0m
Predict:         yolo predict task=detect model=/data/YOLO-Master/YOLO-Master-v0.1-N.onnx imgsz=640  
Validate:        yolo val task=detect model=/data/YOLO-Master/YOLO-Master-v0.1-N.onnx imgsz=640 data=/home/tione/notebook/YOLO-Master/ultralytics/cfg/datasets/coco.yaml  
Visualize:       https://netron.app
[export] runs/a3/v01n/YOLO-Master-v0.1-N.onnx 30.53 MB in 5.9s
[onnx] ops=756 routing-relevant={'TopK': 3, 'Gather': 12, 'GatherElements': 6, 'Softmax': 12, 'ScatterND': 0, 'NonZero': 0, 'If': 0, 'Loop': 0, 'Conv': 189}
[onnx] expert Conv: module=56 graph=56
YOLO-master-n-v2 summary: 330 layers, 7,543,544 parameters, 0 gradients, 10.1 GFLOPs
[parity] {'providers': 'CUDAExecutionProvider', 'tf32': False, 'n_images': 8, 'max_abs': 0.0025634765625, 'mean_abs': 2.2142527313917526e-06, 'max_rel_elementwise': 0.0001892837171908468, 'max_norm_rel': 3.946861852455186e-06, 'top100_anchor_agreement': 1.0}
YOLO-master-n-v2 summary: 330 layers, 7,543,544 parameters, 0 gradients, 10.1 GFLOPs
[parity tf32 default] {'providers': 'CUDAExecutionProvider', 'tf32': True, 'n_images': 8, 'max_abs': 1.37860107421875, 'mean_abs': 0.0008261636758106761, 'max_rel_elementwise': 0.06640668958425522, 'max_norm_rel': 0.002126093488186598, 'top100_anchor_agreement': 0.99875}
[smoke] PASS in 18.2s -> a3/results/smoke_v01n.json
